IMX93_debug_SMP_MCS_clang_64
	path: 2025/05/23/github/push/master/5e6f7c2/Deploy/868/logs/29_HW Run (IMX93, armv8a, clang).txt
	system: imx93a
	kind: output timeout
	variant: after clock sync test
IMX93_debug_SMP_MCS_clang_64
	path: 2025/05/21/github/manual/20250521T100622/349745c/Deploy/866/logs/43_HW Run (IMX93, armv8a, clang).txt
	system: imx93a
	kind: output timeout
	variant: after clock sync test
IMX93_debug_SMP_MCS_clang_64
	path: 2025/05/16/github/manual/20250516T075055/349745c/Deploy/865/logs/1_HW Run (IMX93, armv8a, clang).txt
	system: imx93a
	kind: output timeout
	variant: after clock sync test
IMX93_debug_SMP_MCS_clang_64
	path: 2025/05/16/github/manual/20250516T075055/349745c/Deploy/865/logs/HW Run (IMX93, armv8a, clang)/4_Run.txt
	system: imx93a
	kind: output timeout
	variant: after clock sync test
IMX93_debug_SMP_MCS_gcc_64
	path: 2025/05/23/github/push/master/5e6f7c2/Deploy/868/logs/25_HW Run (IMX93, armv8a, gcc).txt
	system: imx93a
	kind: output timeout
	variant: after clock sync test
IMX93_debug_SMP_MCS_gcc_64
	path: 2025/05/16/github/manual/20250516T075055/349745c/Deploy/865/logs/0_HW Run (IMX93, armv8a, gcc).txt
	system: imx93a
	kind: output timeout
	variant: after clock sync test
IMX93_debug_SMP_MCS_gcc_64
	path: 2025/05/16/github/manual/20250516T075055/349745c/Deploy/865/logs/HW Run (IMX93, armv8a, gcc)/4_Run.txt
	system: imx93a
	kind: output timeout
	variant: after clock sync test
IMX93_debug_SMP_hyp_MCS_clang_64
	path: 2025/05/23/github/push/master/5e6f7c2/Deploy/868/logs/29_HW Run (IMX93, armv8a, clang).txt
	system: imx93a
	kind: output timeout
	variant: after clock sync test
IMX93_debug_SMP_hyp_MCS_clang_64
	path: 2025/05/21/github/manual/20250521T100622/349745c/Deploy/866/logs/43_HW Run (IMX93, armv8a, clang).txt
	system: imx93a
	kind: output timeout
	variant: after clock sync test
IMX93_debug_SMP_hyp_MCS_clang_64
	path: 2025/05/16/github/manual/20250516T075055/349745c/Deploy/865/logs/1_HW Run (IMX93, armv8a, clang).txt
	system: imx93a
	kind: output timeout
	variant: after clock sync test
IMX93_debug_SMP_hyp_MCS_clang_64
	path: 2025/05/16/github/manual/20250516T075055/349745c/Deploy/865/logs/HW Run (IMX93, armv8a, clang)/4_Run.txt
	system: imx93a
	kind: output timeout
	variant: after clock sync test
IMX93_debug_SMP_hyp_MCS_gcc_64
	path: 2025/05/23/github/push/master/5e6f7c2/Deploy/868/logs/25_HW Run (IMX93, armv8a, gcc).txt
	system: imx93a
	kind: output timeout
	variant: after clock sync test
IMX93_debug_SMP_hyp_MCS_gcc_64
	path: 2025/05/16/github/manual/20250516T075055/349745c/Deploy/865/logs/0_HW Run (IMX93, armv8a, gcc).txt
	system: imx93a
	kind: output timeout
	variant: after clock sync test
IMX93_debug_SMP_hyp_MCS_gcc_64
	path: 2025/05/16/github/manual/20250516T075055/349745c/Deploy/865/logs/HW Run (IMX93, armv8a, gcc)/4_Run.txt
	system: imx93a
	kind: output timeout
	variant: after clock sync test
ZYNQMP106_debug_MCS_gcc_32
	path: 2025/06/07/github/push/master/ab5192f/Deploy/882/logs/36_HW Run (ZYNQMP106, armv8a, gcc).txt
	system: zcu106
	kind: output timeout
	variant: after enabling mmu
ZYNQMP106_debug_MCS_gcc_32
	path: 2025/06/04/github/push/master/2ad02a0/Deploy/879/logs/55_HW Run (ZYNQMP106, armv8a, gcc).txt
	system: zcu106
	kind: output timeout
	variant: after enabling mmu
ZYNQMP106_debug_MCS_gcc_32
	path: 2025/05/23/github/push/master/5e6f7c2/Deploy/868/logs/35_HW Run (ZYNQMP106, armv8a, gcc).txt
	system: zcu106
	kind: output timeout
	variant: after enabling mmu
ZYNQMP106_debug_gcc_32
	path: 2025/06/13/github/push/master/2417e0f/Deploy/884/logs/26_HW Run (ZYNQMP106, armv8a, gcc).txt
	system: zcu106
	kind: output timeout
	variant: after enabling mmu
ZYNQMP106_debug_gcc_32
	path: 2025/06/04/github/push/master/4ec62c8/Deploy/880/logs/26_HW Run (ZYNQMP106, armv8a, gcc).txt
	system: zcu106
	kind: output timeout
	variant: after enabling mmu
ZYNQMP106_debug_gcc_32
	path: 2025/06/24/github/push/master/6dbe58e/Deploy/886/logs/52_HW Run (ZYNQMP106, armv8a, gcc).txt
	system: zcu106
	kind: output timeout
	variant: after enabling mmu
ZYNQMP106_debug_gcc_32
	path: 2025/05/23/github/push/master/5e6f7c2/Deploy/868/logs/35_HW Run (ZYNQMP106, armv8a, gcc).txt
	system: zcu106
	kind: output timeout
	variant: after enabling mmu
ZYNQMP106_release_MCS_gcc_32
	path: 2025/05/22/github/push/master/be8e649/Deploy/867/logs/21_HW Run (ZYNQMP106, armv8a, gcc).txt
	system: zcu106
	kind: output timeout
	variant: after enabling mmu
ZYNQMP106_release_MCS_gcc_32
	path: 2025/05/30/github/manual/20250530T210734/b7d67a9/Deploy/873/logs/26_HW Run (ZYNQMP106, armv8a, gcc).txt
	system: zcu106
	kind: output timeout
	variant: after enabling mmu
ZYNQMP106_release_MCS_gcc_32
	path: 2025/05/21/github/manual/20250521T100622/349745c/Deploy/866/logs/50_HW Run (ZYNQMP106, armv8a, gcc).txt
	system: zcu106
	kind: output timeout
	variant: after enabling mmu
ZYNQMP106_release_gcc_32
	path: 2025/06/04/github/push/master/2ad02a0/Deploy/879/logs/55_HW Run (ZYNQMP106, armv8a, gcc).txt
	system: zcu106
	kind: output timeout
	variant: after enabling mmu
ZYNQMP106_release_gcc_32
	path: 2025/06/01/github/manual/20250601T095536/b7d67a9/Deploy/877/logs/30_HW Run (ZYNQMP106, armv8a, gcc).txt
	system: zcu106
	kind: output timeout
	variant: after enabling mmu
ZYNQMP106_release_gcc_32
	path: 2025/05/30/github/manual/20250530T213602/b7d67a9/Deploy/875/logs/33_HW Run (ZYNQMP106, armv8a, gcc).txt
	system: zcu106
	kind: output timeout
	variant: after enabling mmu
ZYNQMP106_release_gcc_32
	path: 2025/05/30/github/manual/20250530T210734/b7d67a9/Deploy/873/logs/26_HW Run (ZYNQMP106, armv8a, gcc).txt
	system: zcu106
	kind: output timeout
	variant: after enabling mmu
ZYNQMP106_verification_MCS_gcc_32
	path: 2025/07/08/github/manual/20250708T100801/c8ee042/Deploy/890/logs/41_HW Run (ZYNQMP106, armv8a, gcc).txt
	system: zcu106
	kind: output timeout
	variant: after enabling mmu
ZYNQMP106_verification_MCS_gcc_32
	path: 2025/07/03/github/push/master/bcf5ab7/Deploy/887/logs/55_HW Run (ZYNQMP106, armv8a, gcc).txt
	system: zcu106
	kind: output timeout
	variant: after enabling mmu
ZYNQMP106_verification_gcc_32
	path: 2025/06/13/github/push/master/2417e0f/Deploy/884/logs/26_HW Run (ZYNQMP106, armv8a, gcc).txt
	system: zcu106
	kind: output timeout
	variant: after enabling mmu
IMX93_release_SMP_MCS_clang_64
	path: 2025/05/23/github/push/master/5e6f7c2/Deploy/868/logs/29_HW Run (IMX93, armv8a, clang).txt
	system: imx93a
	kind: output timeout
	variant: after jumping to kernel
IMX93_release_SMP_MCS_clang_64
	path: 2025/05/21/github/manual/20250521T100622/349745c/Deploy/866/logs/43_HW Run (IMX93, armv8a, clang).txt
	system: imx93a
	kind: output timeout
	variant: after jumping to kernel
IMX93_release_SMP_MCS_clang_64
	path: 2025/05/16/github/manual/20250516T075055/349745c/Deploy/865/logs/1_HW Run (IMX93, armv8a, clang).txt
	system: imx93a
	kind: output timeout
	variant: after jumping to kernel
IMX93_release_SMP_MCS_clang_64
	path: 2025/05/16/github/manual/20250516T075055/349745c/Deploy/865/logs/HW Run (IMX93, armv8a, clang)/4_Run.txt
	system: imx93a
	kind: output timeout
	variant: after jumping to kernel
IMX93_release_SMP_MCS_gcc_64
	path: 2025/05/23/github/push/master/5e6f7c2/Deploy/868/logs/25_HW Run (IMX93, armv8a, gcc).txt
	system: imx93a
	kind: output timeout
	variant: after jumping to kernel
IMX93_release_SMP_MCS_gcc_64
	path: 2025/05/16/github/manual/20250516T075055/349745c/Deploy/865/logs/0_HW Run (IMX93, armv8a, gcc).txt
	system: imx93a
	kind: output timeout
	variant: after jumping to kernel
IMX93_release_SMP_MCS_gcc_64
	path: 2025/05/16/github/manual/20250516T075055/349745c/Deploy/865/logs/HW Run (IMX93, armv8a, gcc)/4_Run.txt
	system: imx93a
	kind: output timeout
	variant: after jumping to kernel
IMX93_release_SMP_clang_64
	path: 2025/05/23/github/push/master/5e6f7c2/Deploy/868/logs/29_HW Run (IMX93, armv8a, clang).txt
	system: imx93a
	kind: output timeout
	variant: after jumping to kernel
IMX93_release_SMP_clang_64
	path: 2025/05/21/github/manual/20250521T100622/349745c/Deploy/866/logs/43_HW Run (IMX93, armv8a, clang).txt
	system: imx93a
	kind: output timeout
	variant: after jumping to kernel
IMX93_release_SMP_clang_64
	path: 2025/05/16/github/manual/20250516T075055/349745c/Deploy/865/logs/1_HW Run (IMX93, armv8a, clang).txt
	system: imx93a
	kind: output timeout
	variant: after jumping to kernel
IMX93_release_SMP_clang_64
	path: 2025/05/16/github/manual/20250516T075055/349745c/Deploy/865/logs/HW Run (IMX93, armv8a, clang)/4_Run.txt
	system: imx93a
	kind: output timeout
	variant: after jumping to kernel
IMX93_release_SMP_gcc_64
	path: 2025/05/23/github/push/master/5e6f7c2/Deploy/868/logs/25_HW Run (IMX93, armv8a, gcc).txt
	system: imx93a
	kind: output timeout
	variant: after jumping to kernel
IMX93_release_SMP_gcc_64
	path: 2025/05/16/github/manual/20250516T075055/349745c/Deploy/865/logs/0_HW Run (IMX93, armv8a, gcc).txt
	system: imx93a
	kind: output timeout
	variant: after jumping to kernel
IMX93_release_SMP_gcc_64
	path: 2025/05/16/github/manual/20250516T075055/349745c/Deploy/865/logs/HW Run (IMX93, armv8a, gcc)/4_Run.txt
	system: imx93a
	kind: output timeout
	variant: after jumping to kernel
IMX93_release_SMP_hyp_MCS_clang_64
	path: 2025/05/21/github/manual/20250521T100622/349745c/Deploy/866/logs/43_HW Run (IMX93, armv8a, clang).txt
	system: imx93a
	kind: output timeout
	variant: after jumping to kernel
IMX93_release_SMP_hyp_MCS_clang_64
	path: 2025/05/16/github/manual/20250516T075055/349745c/Deploy/865/logs/1_HW Run (IMX93, armv8a, clang).txt
	system: imx93a
	kind: output timeout
	variant: after jumping to kernel
IMX93_release_SMP_hyp_MCS_clang_64
	path: 2025/05/16/github/manual/20250516T075055/349745c/Deploy/865/logs/HW Run (IMX93, armv8a, clang)/4_Run.txt
	system: imx93a
	kind: output timeout
	variant: after jumping to kernel
IMX93_release_SMP_hyp_MCS_gcc_64
	path: 2025/05/16/github/manual/20250516T075055/349745c/Deploy/865/logs/0_HW Run (IMX93, armv8a, gcc).txt
	system: imx93a
	kind: output timeout
	variant: after jumping to kernel
IMX93_release_SMP_hyp_MCS_gcc_64
	path: 2025/05/16/github/manual/20250516T075055/349745c/Deploy/865/logs/HW Run (IMX93, armv8a, gcc)/4_Run.txt
	system: imx93a
	kind: output timeout
	variant: after jumping to kernel
IMX93_release_SMP_hyp_clang_64
	path: 2025/05/21/github/manual/20250521T100622/349745c/Deploy/866/logs/43_HW Run (IMX93, armv8a, clang).txt
	system: imx93a
	kind: output timeout
	variant: after jumping to kernel
IMX93_release_SMP_hyp_clang_64
	path: 2025/05/16/github/manual/20250516T075055/349745c/Deploy/865/logs/1_HW Run (IMX93, armv8a, clang).txt
	system: imx93a
	kind: output timeout
	variant: after jumping to kernel
IMX93_release_SMP_hyp_clang_64
	path: 2025/05/16/github/manual/20250516T075055/349745c/Deploy/865/logs/HW Run (IMX93, armv8a, clang)/4_Run.txt
	system: imx93a
	kind: output timeout
	variant: after jumping to kernel
IMX93_release_SMP_hyp_gcc_64
	path: 2025/05/16/github/manual/20250516T075055/349745c/Deploy/865/logs/0_HW Run (IMX93, armv8a, gcc).txt
	system: imx93a
	kind: output timeout
	variant: after jumping to kernel
IMX93_release_SMP_hyp_gcc_64
	path: 2025/05/16/github/manual/20250516T075055/349745c/Deploy/865/logs/HW Run (IMX93, armv8a, gcc)/4_Run.txt
	system: imx93a
	kind: output timeout
	variant: after jumping to kernel
IMX93_verification_SMP_MCS_clang_64
	path: 2025/05/21/github/manual/20250521T100622/349745c/Deploy/866/logs/43_HW Run (IMX93, armv8a, clang).txt
	system: imx93a
	kind: output timeout
	variant: after jumping to kernel
IMX93_verification_SMP_MCS_gcc_64
	path: 2025/05/16/github/manual/20250516T075055/349745c/Deploy/865/logs/0_HW Run (IMX93, armv8a, gcc).txt
	system: imx93a
	kind: output timeout
	variant: after jumping to kernel
IMX93_verification_SMP_MCS_gcc_64
	path: 2025/05/16/github/manual/20250516T075055/349745c/Deploy/865/logs/HW Run (IMX93, armv8a, gcc)/4_Run.txt
	system: imx93a
	kind: output timeout
	variant: after jumping to kernel
IMX93_verification_SMP_clang_64
	path: 2025/05/21/github/manual/20250521T100622/349745c/Deploy/866/logs/43_HW Run (IMX93, armv8a, clang).txt
	system: imx93a
	kind: output timeout
	variant: after jumping to kernel
IMX93_verification_SMP_gcc_64
	path: 2025/05/16/github/manual/20250516T075055/349745c/Deploy/865/logs/0_HW Run (IMX93, armv8a, gcc).txt
	system: imx93a
	kind: output timeout
	variant: after jumping to kernel
IMX93_verification_SMP_gcc_64
	path: 2025/05/16/github/manual/20250516T075055/349745c/Deploy/865/logs/HW Run (IMX93, armv8a, gcc)/4_Run.txt
	system: imx93a
	kind: output timeout
	variant: after jumping to kernel
IMX93_verification_SMP_hyp_MCS_clang_64
	path: 2025/05/21/github/manual/20250521T100622/349745c/Deploy/866/logs/43_HW Run (IMX93, armv8a, clang).txt
	system: imx93a
	kind: output timeout
	variant: after jumping to kernel
IMX93_verification_SMP_hyp_MCS_gcc_64
	path: 2025/05/16/github/manual/20250516T075055/349745c/Deploy/865/logs/0_HW Run (IMX93, armv8a, gcc).txt
	system: imx93a
	kind: output timeout
	variant: after jumping to kernel
IMX93_verification_SMP_hyp_MCS_gcc_64
	path: 2025/05/16/github/manual/20250516T075055/349745c/Deploy/865/logs/HW Run (IMX93, armv8a, gcc)/4_Run.txt
	system: imx93a
	kind: output timeout
	variant: after jumping to kernel
IMX93_verification_SMP_hyp_clang_64
	path: 2025/05/21/github/manual/20250521T100622/349745c/Deploy/866/logs/43_HW Run (IMX93, armv8a, clang).txt
	system: imx93a
	kind: output timeout
	variant: after jumping to kernel
TX2_verification_SMP_hyp_gcc_64
	path: 2025/06/01/github/manual/20250601T095536/b7d67a9/Deploy/877/logs/38_HW Run (TX2, armv8a, gcc).txt
	system: tx2a
	kind: output timeout
	variant: after jumping to kernel
TX2_verification_SMP_hyp_gcc_64
	path: 2025/06/02/github/manual/20250602T083208/b7d67a9/Deploy/878/logs/47_HW Run (TX2, armv8a, gcc).txt
	system: tx2a
	kind: output timeout
	variant: after jumping to kernel
TX2_verification_SMP_hyp_gcc_64
	path: 2025/05/31/github/manual/20250531T083335/b7d67a9/Deploy/876/logs/45_HW Run (TX2, armv8a, gcc).txt
	system: tx2a
	kind: output timeout
	variant: after jumping to kernel
TX2_verification_SMP_hyp_gcc_64
	path: 2025/05/22/github/push/master/be8e649/Deploy/867/logs/38_HW Run (TX2, armv8a, gcc).txt
	system: tx2a
	kind: output timeout
	variant: after jumping to kernel
TX2_verification_SMP_hyp_gcc_64
	path: 2025/05/30/github/manual/20250530T210754/b7d67a9/Deploy/874/logs/45_HW Run (TX2, armv8a, gcc).txt
	system: tx2a
	kind: output timeout
	variant: after jumping to kernel
TX2_verification_SMP_hyp_gcc_64
	path: 2025/05/16/github/manual/20250516T075055/349745c/Deploy/865/logs/26_HW Run (TX2, armv8a, gcc).txt
	system: tx2a
	kind: output timeout
	variant: after jumping to kernel
TX2_verification_SMP_hyp_gcc_64
	path: 2025/05/16/github/manual/20250516T075055/349745c/Deploy/865/logs/HW Run (TX2, armv8a, gcc)/4_Run.txt
	system: tx2a
	kind: output timeout
	variant: after jumping to kernel
IMX93_debug_SMP_clang_64
	path: 2025/05/23/github/push/master/5e6f7c2/Deploy/868/logs/29_HW Run (IMX93, armv8a, clang).txt
	system: imx93a
	kind: output timeout
	variant: after printing addr space regions
IMX93_debug_SMP_clang_64
	path: 2025/05/21/github/manual/20250521T100622/349745c/Deploy/866/logs/43_HW Run (IMX93, armv8a, clang).txt
	system: imx93a
	kind: output timeout
	variant: after printing addr space regions
IMX93_debug_SMP_clang_64
	path: 2025/05/16/github/manual/20250516T075055/349745c/Deploy/865/logs/1_HW Run (IMX93, armv8a, clang).txt
	system: imx93a
	kind: output timeout
	variant: after printing addr space regions
IMX93_debug_SMP_clang_64
	path: 2025/05/16/github/manual/20250516T075055/349745c/Deploy/865/logs/HW Run (IMX93, armv8a, clang)/4_Run.txt
	system: imx93a
	kind: output timeout
	variant: after printing addr space regions
IMX93_debug_SMP_gcc_64
	path: 2025/05/23/github/push/master/5e6f7c2/Deploy/868/logs/25_HW Run (IMX93, armv8a, gcc).txt
	system: imx93a
	kind: output timeout
	variant: after printing addr space regions
IMX93_debug_SMP_gcc_64
	path: 2025/05/16/github/manual/20250516T075055/349745c/Deploy/865/logs/0_HW Run (IMX93, armv8a, gcc).txt
	system: imx93a
	kind: output timeout
	variant: after printing addr space regions
IMX93_debug_SMP_gcc_64
	path: 2025/05/16/github/manual/20250516T075055/349745c/Deploy/865/logs/HW Run (IMX93, armv8a, gcc)/4_Run.txt
	system: imx93a
	kind: output timeout
	variant: after printing addr space regions
IMX93_debug_SMP_hyp_clang_64
	path: 2025/05/23/github/push/master/5e6f7c2/Deploy/868/logs/29_HW Run (IMX93, armv8a, clang).txt
	system: imx93a
	kind: output timeout
	variant: after printing addr space regions
IMX93_debug_SMP_hyp_clang_64
	path: 2025/05/21/github/manual/20250521T100622/349745c/Deploy/866/logs/43_HW Run (IMX93, armv8a, clang).txt
	system: imx93a
	kind: output timeout
	variant: after printing addr space regions
IMX93_debug_SMP_hyp_clang_64
	path: 2025/05/16/github/manual/20250516T075055/349745c/Deploy/865/logs/1_HW Run (IMX93, armv8a, clang).txt
	system: imx93a
	kind: output timeout
	variant: after printing addr space regions
IMX93_debug_SMP_hyp_clang_64
	path: 2025/05/16/github/manual/20250516T075055/349745c/Deploy/865/logs/HW Run (IMX93, armv8a, clang)/4_Run.txt
	system: imx93a
	kind: output timeout
	variant: after printing addr space regions
IMX93_debug_SMP_hyp_gcc_64
	path: 2025/05/23/github/push/master/5e6f7c2/Deploy/868/logs/25_HW Run (IMX93, armv8a, gcc).txt
	system: imx93a
	kind: output timeout
	variant: after printing addr space regions
IMX93_debug_SMP_hyp_gcc_64
	path: 2025/05/16/github/manual/20250516T075055/349745c/Deploy/865/logs/0_HW Run (IMX93, armv8a, gcc).txt
	system: imx93a
	kind: output timeout
	variant: after printing addr space regions
IMX93_debug_SMP_hyp_gcc_64
	path: 2025/05/16/github/manual/20250516T075055/349745c/Deploy/865/logs/HW Run (IMX93, armv8a, gcc)/4_Run.txt
	system: imx93a
	kind: output timeout
	variant: after printing addr space regions
TX2_verification_hyp_MCS_gcc_64
	path: 2025/06/01/github/manual/20250601T095536/b7d67a9/Deploy/877/logs/38_HW Run (TX2, armv8a, gcc).txt
	system: tx2a
	kind: output timeout
	variant: during tests
